▿ Navigate
  - _beagleAction_: "beagle:pushstack"
  - analytics: Optional<ActionAnalyticsConfig>.none
  - controllerId: Optional<String>.none
  ▿ navigationContext: Optional<NavigationContext>
    ▿ some: NavigationContext
      ▿ path: Optional<String>
        - some: "path"
      - value: [booleanValue: true, integerValue: 3, stringValue: string]
  ▿ route: Route
    ▿ screen: Screen
      ▿ child: UnknownComponent
        - type: "custom:beagleschematestscomponent"
      - context: Optional<Context>.none
      - identifier: Optional<String>.none
      - navigationBar: Optional<NavigationBar>.none
      ▿ safeArea: Optional<SafeArea>
        ▿ some: SafeArea
          ▿ bottom: Optional<Bool>
            - some: true
          ▿ leading: Optional<Bool>
            - some: true
          ▿ top: Optional<Bool>
            - some: true
          ▿ trailing: Optional<Bool>
            - some: true
      - style: Optional<Style>.none
