{
  "_beagleAction_" : "beagle:resetapplication",
  "controllerId" : "my-controller-id",
  "route" : {
    "url" : "schema:\/\/path"
  }
}