{
  "_beagleAction_" : "beagle:pushstack",
  "controllerId" : "customid",
  "route" : {
    "url" : "schema:\/\/path"
  }
}