{
  "_beagleAction_" : "beagle:opennativeroute",
  "data" : {
    "a" : "value a"
  },
  "route" : "deeplink",
  "shouldResetApplication" : true
}