▿ Navigate
  - _beagleAction_: "beagle:pushview"
  - analytics: Optional<ActionAnalyticsConfig>.none
  ▿ navigationContext: Optional<NavigationContext>
    ▿ some: NavigationContext
      ▿ path: Optional<String>
        - some: "path"
      - value: string
  ▿ route: Route
    ▿ fallback: Optional<Screen>
      ▿ some: Screen
        ▿ child: UnknownComponent
          - type: "custom:beagleschematestscomponent"
        - context: Optional<Context>.none
        - identifier: Optional<String>.none
        - navigationBar: Optional<NavigationBar>.none
        ▿ safeArea: Optional<SafeArea>
          ▿ some: SafeArea
            ▿ bottom: Optional<Bool>
              - some: true
            ▿ leading: Optional<Bool>
              - some: true
            ▿ top: Optional<Bool>
              - some: true
            ▿ trailing: Optional<Bool>
              - some: true
        - style: Optional<Style>.none
    - httpAdditionalData: Optional<HttpAdditionalData>.none
    ▿ shouldPrefetch: Optional<Bool>
      - some: true
    ▿ url: Expression<String>
      - value: "schema://path"
