▿ BeagleDependencies
  - analyticsProvider: Optional<AnalyticsProvider>.none
  - appBundle: NSBundle <(null)> (not yet loaded)
  - decoder: ComponentDecodingDummy
  ▿ deepLinkHandler: Optional<DeepLinkScreenManaging>
    - some: DeepLinkHandlerDummy
  ▿ globalContext: GlobalContextDummy
    ▿ context: Observable<Context>
      - observers: 0 elements
      ▿ value: Context
        - id: ""
        - value: 
    - globalId: ""
  ▿ imageDownloader: ImageDownloaderDefault
    ▿ dependencies: InnerDependenciesResolver
      - container: (Function)
    ▿ dispatcher: RequestDispatcher
      ▿ dependencies: InnerDependenciesResolver
        - container: (Function)
  ▿ logger: BeagleLoggerProxy
    - logger: Optional<BeagleLoggerType>.none
  ▿ navigation: BeagleNavigator
    - builders: 0 key/value pairs
    - defaultAnimation: Optional<BeagleNavigatorAnimation>.none
    - defaultBuilder: Optional<() -> BeagleNavigationController>.none
  ▿ networkClient: Optional<NetworkClient>
    - some: NetworkClientDummy
  ▿ opener: URLOpenerDumb
    - hasInvokedTryToOpen: false
  - operationsProvider: OperationsProviderDummy
  ▿ preFetchHelper: BeaglePreFetchHelper
    ▿ dependencies: InnerDependenciesResolver
      - container: (Function)
  - renderer: (Function)
  ▿ resolver: InnerDependenciesResolver
    - container: (Function)
  - style: (Function)
  - theme: AppThemeDummy
  ▿ urlBuilder: UrlBuilder
    ▿ baseUrl: Optional<URL>
      - some: www.test.com
  ▿ viewClient: ViewClientDefault
    ▿ cache: Cache<String, Result<ServerDrivenComponent, Error>>
      - wrapped: <NSCache>
    ▿ dependencies: InnerDependenciesResolver
      - container: (Function)
    ▿ dispatcher: RequestDispatcher
      ▿ dependencies: InnerDependenciesResolver
        - container: (Function)
  - viewConfigurator: (Function)
  ▿ windowManager: WindowManagerDumb
    ▿ window: Optional<WindowProtocol>
      ▿ some: WindowMock
        - hasInvokedReplaceRootViewController: false
