  Navigate(_beagleAction_: "beagle:openexternalurl", analytics: nil, url: Beagle.Expression<Swift.String>.value("http://localhost"))  -->  NULL 

  Navigate(_beagleAction_: "beagle:opennativeroute", analytics: nil, route: Beagle.Expression<Swift.String>.value("path"), data: nil, shouldResetApplication: false)  -->  NULL 

  Navigate(_beagleAction_: "beagle:opennativeroute", analytics: nil, route: Beagle.Expression<Swift.String>.value("path"), data: Optional(["data": "value"]), shouldResetApplication: false)  -->  NULL 

  Navigate(_beagleAction_: "beagle:resetapplication", analytics: nil, navigationContext: nil, route: Beagle.Route(screen: Beagle.Screen(id: nil, style: nil, safeArea: Optional(Beagle.SafeArea(top: Optional(true), leading: Optional(true), bottom: Optional(true), trailing: Optional(true))), navigationBar: nil, child: Beagle.Container(children: Optional([]), onInit: nil, context: nil, styleId: nil, id: nil, style: nil, accessibility: nil), context: nil)), controllerId: nil)  -->  NULL 

  Navigate(_beagleAction_: "beagle:resetapplication", analytics: nil, navigationContext: nil, route: Beagle.Route(url: Beagle.Expression<Swift.String>.value("path"), shouldPrefetch: Optional(true), fallback: nil, httpAdditionalData: nil), controllerId: nil)  -->  NewPath(url: Beagle.Expression<Swift.String>.value("path"), shouldPrefetch: Optional(true), fallback: nil, httpAdditionalData: nil) 

  Navigate(_beagleAction_: "beagle:resetapplication", analytics: nil, navigationContext: nil, route: Beagle.Route(url: Beagle.Expression<Swift.String>.value("path"), shouldPrefetch: Optional(false), fallback: nil, httpAdditionalData: nil), controllerId: nil)  -->  NewPath(url: Beagle.Expression<Swift.String>.value("path"), shouldPrefetch: Optional(false), fallback: nil, httpAdditionalData: nil) 

  Navigate(_beagleAction_: "beagle:resetstack", analytics: nil, navigationContext: nil, route: Beagle.Route(screen: Beagle.Screen(id: nil, style: nil, safeArea: Optional(Beagle.SafeArea(top: Optional(true), leading: Optional(true), bottom: Optional(true), trailing: Optional(true))), navigationBar: nil, child: Beagle.Container(children: Optional([]), onInit: nil, context: nil, styleId: nil, id: nil, style: nil, accessibility: nil), context: nil)))  -->  NULL 

  Navigate(_beagleAction_: "beagle:resetstack", analytics: nil, navigationContext: nil, route: Beagle.Route(url: Beagle.Expression<Swift.String>.value("path"), shouldPrefetch: Optional(true), fallback: nil, httpAdditionalData: nil))  -->  NewPath(url: Beagle.Expression<Swift.String>.value("path"), shouldPrefetch: Optional(true), fallback: nil, httpAdditionalData: nil) 

  Navigate(_beagleAction_: "beagle:resetstack", analytics: nil, navigationContext: nil, route: Beagle.Route(url: Beagle.Expression<Swift.String>.value("path"), shouldPrefetch: Optional(false), fallback: nil, httpAdditionalData: nil))  -->  NewPath(url: Beagle.Expression<Swift.String>.value("path"), shouldPrefetch: Optional(false), fallback: nil, httpAdditionalData: nil) 

  Navigate(_beagleAction_: "beagle:pushstack", analytics: nil, navigationContext: nil, route: Beagle.Route(screen: Beagle.Screen(id: nil, style: nil, safeArea: Optional(Beagle.SafeArea(top: Optional(true), leading: Optional(true), bottom: Optional(true), trailing: Optional(true))), navigationBar: nil, child: Beagle.Container(children: Optional([]), onInit: nil, context: nil, styleId: nil, id: nil, style: nil, accessibility: nil), context: nil)), controllerId: nil)  -->  NULL 

  Navigate(_beagleAction_: "beagle:pushstack", analytics: nil, navigationContext: nil, route: Beagle.Route(url: Beagle.Expression<Swift.String>.value("path"), shouldPrefetch: Optional(true), fallback: nil, httpAdditionalData: nil), controllerId: nil)  -->  NewPath(url: Beagle.Expression<Swift.String>.value("path"), shouldPrefetch: Optional(true), fallback: nil, httpAdditionalData: nil) 

  Navigate(_beagleAction_: "beagle:pushstack", analytics: nil, navigationContext: nil, route: Beagle.Route(url: Beagle.Expression<Swift.String>.value("path"), shouldPrefetch: Optional(false), fallback: nil, httpAdditionalData: nil), controllerId: nil)  -->  NewPath(url: Beagle.Expression<Swift.String>.value("path"), shouldPrefetch: Optional(false), fallback: nil, httpAdditionalData: nil) 

  Navigate(_beagleAction_: "beagle:pushstack", analytics: nil, navigationContext: nil, route: Beagle.Route(screen: Beagle.Screen(id: nil, style: nil, safeArea: Optional(Beagle.SafeArea(top: Optional(true), leading: Optional(true), bottom: Optional(true), trailing: Optional(true))), navigationBar: nil, child: Beagle.Container(children: Optional([]), onInit: nil, context: nil, styleId: nil, id: nil, style: nil, accessibility: nil), context: nil)), controllerId: Optional("customId"))  -->  NULL 

  Navigate(_beagleAction_: "beagle:pushstack", analytics: nil, navigationContext: nil, route: Beagle.Route(url: Beagle.Expression<Swift.String>.value("path"), shouldPrefetch: Optional(true), fallback: nil, httpAdditionalData: nil), controllerId: Optional("customId"))  -->  NewPath(url: Beagle.Expression<Swift.String>.value("path"), shouldPrefetch: Optional(true), fallback: nil, httpAdditionalData: nil) 

  Navigate(_beagleAction_: "beagle:pushstack", analytics: nil, navigationContext: nil, route: Beagle.Route(url: Beagle.Expression<Swift.String>.value("path"), shouldPrefetch: Optional(false), fallback: nil, httpAdditionalData: nil), controllerId: Optional("customId"))  -->  NewPath(url: Beagle.Expression<Swift.String>.value("path"), shouldPrefetch: Optional(false), fallback: nil, httpAdditionalData: nil) 

  Navigate(_beagleAction_: "beagle:pushview", analytics: nil, navigationContext: nil, route: Beagle.Route(screen: Beagle.Screen(id: nil, style: nil, safeArea: Optional(Beagle.SafeArea(top: Optional(true), leading: Optional(true), bottom: Optional(true), trailing: Optional(true))), navigationBar: nil, child: Beagle.Container(children: Optional([]), onInit: nil, context: nil, styleId: nil, id: nil, style: nil, accessibility: nil), context: nil)))  -->  NULL 

  Navigate(_beagleAction_: "beagle:pushview", analytics: nil, navigationContext: nil, route: Beagle.Route(url: Beagle.Expression<Swift.String>.value("path"), shouldPrefetch: Optional(true), fallback: nil, httpAdditionalData: nil))  -->  NewPath(url: Beagle.Expression<Swift.String>.value("path"), shouldPrefetch: Optional(true), fallback: nil, httpAdditionalData: nil) 

  Navigate(_beagleAction_: "beagle:pushview", analytics: nil, navigationContext: nil, route: Beagle.Route(url: Beagle.Expression<Swift.String>.value("path"), shouldPrefetch: Optional(false), fallback: nil, httpAdditionalData: nil))  -->  NewPath(url: Beagle.Expression<Swift.String>.value("path"), shouldPrefetch: Optional(false), fallback: nil, httpAdditionalData: nil) 

  Navigate(_beagleAction_: "beagle:popstack", analytics: nil, navigationContext: nil)  -->  NULL 

  Navigate(_beagleAction_: "beagle:popview", analytics: nil, navigationContext: nil)  -->  NULL 

  Navigate(_beagleAction_: "beagle:poptoview", analytics: nil, navigationContext: nil, route: Beagle.Expression<Swift.String>.value("path"))  -->  NULL 

