{
  "_beagleComponent_" : "beagle:pageview",
  "children" : [
    {
      "_beagleComponent_" : "custom:beagleschematestscomponent"
    },
    {
      "_beagleComponent_" : "custom:beagleschematestscomponent"
    },
    {
      "_beagleComponent_" : "custom:beagleschematestscomponent"
    }
  ]
}