{
  "labelCancel" : "👎🏻",
  "labelOk" : "👍🏻",
  "message" : "Message - 3.14159265359",
  "title" : "Title - beagle-ios"
}