{
  "_beagleComponent_" : "beagle:gridview",
  "context" : {
    "id" : "grid",
    "value" : [
      "Item"
    ]
  },
  "dataSource" : "@{grid}",
  "direction" : "HORIZONTAL",
  "indexName" : "customIndex",
  "spanCount" : 5,
  "templates" : [
    {
      "view" : {
        "_beagleComponent_" : "beagle:container",
        "children" : [

        ]
      }
    }
  ]
}