▿ GridView
  - accessibility: Optional<Accessibility>.none
  ▿ context: Optional<Context>
    ▿ some: Context
      - id: "grid"
      - value: [Item]
  ▿ dataSource: Expression<Array<DynamicObject>>
    ▿ expression: ContextExpression
      ▿ single: SingleExpression
        ▿ value: Value
          ▿ binding: Binding
            - context: "grid"
            ▿ path: Path
              - nodes: 0 elements
  ▿ direction: Optional<ScrollAxis>
    - some: ScrollAxis.horizontal
  - id: Optional<String>.none
  - isScrollIndicatorVisible: Optional<Bool>.none
  - iteratorName: Optional<String>.none
  - key: Optional<String>.none
  - onInit: Optional<Array<Action>>.none
  - onScrollEnd: Optional<Array<Action>>.none
  - scrollEndThreshold: Optional<Int>.none
  - spanCount: 5
  - style: Optional<Style>.none
  ▿ templates: 1 element
    ▿ Template
      - case: Optional<Expression<Bool>>.none
      ▿ view: Container
        - accessibility: Optional<Accessibility>.none
        ▿ children: Optional<Array<ServerDrivenComponent>>
          - some: 0 elements
        - context: Optional<Context>.none
        - id: Optional<String>.none
        - onInit: Optional<Array<Action>>.none
        - style: Optional<Style>.none
        - styleId: Optional<String>.none
