{
  "_beagleComponent_" : "custom:textcontainerwithaction",
  "action" : {
    "_beagleAction_" : "beagle:popview"
  },
  "childrenOfTextContainer" : {
    "_beagleComponent_" : "custom:textcomponentsdefault"
  }
}