{
  "_beagleComponent_" : "beagle:touchable",
  "child" : {
    "_beagleComponent_" : "custom:beagleschematestscomponent"
  },
  "onPress" : [
    {
      "_beagleAction_" : "beagle:popview"
    }
  ]
}