▿ UnitValue
  - type: UnitType.percent
  ▿ value: Expression<Double>
    - value: 10.0
