▿ UnitValue
  - type: UnitType.real
  ▿ value: Expression<Double>
    - value: 10.5
