▿ Text
  ▿ accessibility: Optional<Accessibility>
    ▿ some: Accessibility
      ▿ accessibilityLabel: Optional<String>
        - some: "This is a text as title"
      - accessible: true
      ▿ isHeader: Optional<Bool>
        - some: true
  ▿ alignment: Optional<Expression<Alignment>>
    ▿ some: Expression<Alignment>
      - value: Alignment.center
  ▿ id: Optional<String>
    - some: "some id"
  ▿ style: Optional<Style>
    ▿ some: Style
      ▿ backgroundColor: Optional<Expression<String>>
        ▿ some: Expression<String>
          - value: "#800000FF"
      - borderColor: Optional<Expression<String>>.none
      - borderWidth: Optional<Expression<Double>>.none
      ▿ cornerRadius: Optional<CornerRadius>
        ▿ some: CornerRadius
          - bottomLeft: Optional<Expression<Double>>.none
          - bottomRight: Optional<Expression<Double>>.none
          ▿ radius: Optional<Expression<Double>>
            ▿ some: Expression<Double>
              - value: 30.0
          - topLeft: Optional<Expression<Double>>.none
          - topRight: Optional<Expression<Double>>.none
      - display: Optional<Expression<Display>>.none
      - flex: Optional<Flex>.none
      - margin: Optional<EdgeValue>.none
      - padding: Optional<EdgeValue>.none
      - position: Optional<EdgeValue>.none
      - positionType: Optional<PositionType>.none
      ▿ size: Optional<Size>
        ▿ some: Size
          - aspectRatio: Optional<Double>.none
          ▿ height: Optional<UnitValue>
            ▿ some: UnitValue
              - type: UnitType.real
              ▿ value: Expression<Double>
                - value: 44.0
          - maxHeight: Optional<UnitValue>.none
          - maxWidth: Optional<UnitValue>.none
          - minHeight: Optional<UnitValue>.none
          - minWidth: Optional<UnitValue>.none
          ▿ width: Optional<UnitValue>
            ▿ some: UnitValue
              - type: UnitType.percent
              ▿ value: Expression<Double>
                - value: 100.0
  ▿ styleId: Optional<String>
    - some: "test.text.style"
  ▿ text: Expression<String>
    - value: "BeaglePreview"
  ▿ textColor: Optional<Expression<String>>
    ▿ some: Expression<String>
      - value: "579F2B"
