▿ Text
  - accessibility: Optional<Accessibility>.none
  ▿ alignment: Optional<Expression<Alignment>>
    ▿ some: Expression<Alignment>
      - value: Alignment.right
  - id: Optional<String>.none
  ▿ style: Optional<Style>
    ▿ some: Style
      ▿ backgroundColor: Optional<Expression<String>>
        ▿ some: Expression<String>
          - value: "#FFFF00"
      - borderColor: Optional<Expression<String>>.none
      - borderWidth: Optional<Expression<Double>>.none
      ▿ cornerRadius: Optional<CornerRadius>
        ▿ some: CornerRadius
          - bottomLeft: Optional<Expression<Double>>.none
          - bottomRight: Optional<Expression<Double>>.none
          ▿ radius: Optional<Expression<Double>>
            ▿ some: Expression<Double>
              - value: 30.0
          - topLeft: Optional<Expression<Double>>.none
          - topRight: Optional<Expression<Double>>.none
      - display: Optional<Expression<Display>>.none
      - flex: Optional<Flex>.none
      - margin: Optional<EdgeValue>.none
      - padding: Optional<EdgeValue>.none
      - position: Optional<EdgeValue>.none
      - positionType: Optional<PositionType>.none
      - size: Optional<Size>.none
  ▿ styleId: Optional<String>
    - some: "test.text.style"
  ▿ text: Expression<String>
    - value: "Lorem ipsum dolor sit amet, consectetur adipiscing elit."
  ▿ textColor: Optional<Expression<String>>
    ▿ some: Expression<String>
      - value: "#579F2B"
