{
  "_beagleComponent_" : "beagle:lazycomponent",
  "initialState" : {
    "_beagleComponent_" : "custom:beagleschematestscomponent"
  },
  "path" : "\/path"
}