▿ Screen
  ▿ child: Text
    - alignment: Optional<Expression<Alignment>>.none
    - styleId: Optional<String>.none
    ▿ text: Expression<String>
      - value: "Screen Content"
    - textColor: Optional<Expression<String>>.none
    ▿ widgetProperties: WidgetProperties
      - accessibility: Optional<Accessibility>.none
      - id: Optional<String>.none
      - style: Optional<Style>.none
  - context: Optional<Context>.none
  ▿ id: Optional<String>
    - some: "screen-id"
  ▿ navigationBar: Optional<NavigationBar>
    ▿ some: NavigationBar
      - backButtonAccessibility: Optional<Accessibility>.none
      ▿ navigationBarItems: Optional<Array<NavigationBarItem>>
        ▿ some: 1 element
          ▿ NavigationBarItem
            - accessibility: Optional<Accessibility>.none
            ▿ action: Navigate
              - _beagleAction_: "beagle:pushview"
              - analytics: Optional<ActionAnalyticsConfig>.none
              ▿ route: Route
                - fallback: Optional<Screen>.none
                - httpAdditionalData: Optional<HttpAdditionalData>.none
                ▿ shouldPrefetch: Optional<Bool>
                  - some: false
                ▿ url: Expression<String>
                  - value: "http://localhost:8080/test/example"
            ▿ image: Optional<String>
              - some: "imagepath"
            - text: "imageText"
      ▿ showBackButton: Optional<Bool>
        - some: true
      - styleId: Optional<String>.none
      - title: "Screen Title"
  ▿ safeArea: Optional<SafeArea>
    ▿ some: SafeArea
      ▿ bottom: Optional<Bool>
        - some: true
      ▿ leading: Optional<Bool>
        - some: true
      ▿ top: Optional<Bool>
        - some: true
      ▿ trailing: Optional<Bool>
        - some: true
  - style: Optional<Style>.none
