couldNotBuildUrl(url: "asdfa/asdfa/asdf")

***HTTP REQUEST***:
Url= test
HttpMethod= GET
Headers= [:]
Body= 

***HTTP RESPONSE***
StatusCode= 0
Body= 
Headers= [:]

networkClientWasNotConfigured

routeDoesNotExistInTheCurrentStack(path: "identifier")

didReceiveAction(Beagle.Navigate.pushView(Beagle.Route.remote(Beagle.Route.NewPath(url: Beagle.Expression<Swift.String>.value("path"), shouldPrefetch: nil, fallback: nil, httpAdditionalData: nil)), navigationContext: nil, analytics: nil))

didReceiveAction(Beagle.Navigate.openNativeRoute(Beagle.Navigate.OpenNativeRoute(route: Beagle.Expression<Swift.String>.value("path"), data: nil, shouldResetApplication: false), analytics: nil))

didReceiveAction(Beagle.Navigate.openNativeRoute(Beagle.Navigate.OpenNativeRoute(route: Beagle.Expression<Swift.String>.value("path"), data: Optional(["key": "value"]), shouldResetApplication: false), analytics: nil))

unableToPrefetchWhenUrlIsExpression

Beagle Navigator couldn't find a deep link screen with path: path. Check your deep link handler, or the path in the navigate action

didNavigateToExternalUrl(path: "externalURL")

invalidExternalUrl(path: "invalidExternalURLPath")

unableToOpenExternalUrl(path: "validURLButWasUnableToOpen")

Could not decode: error. Check if that type has been registered.

Could not find a template for `item:10`.