▿ 2 elements
  ▿ 
    - testNumber: 1
    ▿ parameters: Parameters
      - data: Optional<HttpAdditionalData>.none
      - url: scheme://baseUrl/
    ▿ result: Result
      - body: Optional<Data>.none
      ▿ headers: 2 key/value pairs
        ▿ (2 elements)
          - key: "Content-Type"
          - value: "application/json"
        ▿ (2 elements)
          - key: "beagle-platform"
          - value: "IOS"
      - method: "GET"
      - url: scheme://baseUrl/
  ▿ 
    - testNumber: 2
    ▿ parameters: Parameters
      ▿ data: Optional<HttpAdditionalData>
        ▿ some: HttpAdditionalData
          - body: Optional<DynamicObject>.none
          ▿ headers: Optional<Dictionary<String, String>>
            ▿ some: 1 key/value pair
              ▿ (2 elements)
                - key: "header"
                - value: "header"
          ▿ method: Optional<HTTPMethod>
            - some: HTTPMethod.post
      - url: scheme://baseUrl/
    ▿ result: Result
      - body: Optional<Data>.none
      ▿ headers: 3 key/value pairs
        ▿ (2 elements)
          - key: "Content-Type"
          - value: "application/json"
        ▿ (2 elements)
          - key: "beagle-platform"
          - value: "IOS"
        ▿ (2 elements)
          - key: "header"
          - value: "header"
      - method: "POST"
      - url: scheme://baseUrl/
